[0m16:50:56.687684 [debug] [MainThread]: Sending event: {'category': 'dbt', 'action': 'invocation', 'label': 'start', 'context': [<snowplow_tracker.self_describing_json.SelfDescribingJson object at 0x103194f90>, <snowplow_tracker.self_describing_json.SelfDescribingJson object at 0x105c2e550>, <snowplow_tracker.self_describing_json.SelfDescribingJson object at 0x105c2ed50>]}


============================== 16:50:56.690506 | 3b06110c-1574-453b-a586-39bd5b534c3b ==============================
[0m16:50:56.690506 [info ] [MainThread]: Running with dbt=1.10.9
[0m16:50:56.690820 [debug] [MainThread]: running dbt with arguments {'log_cache_events': 'False', 'empty': 'None', 'target_path': 'None', 'static_parser': 'True', 'use_colors': 'True', 'indirect_selection': 'eager', 'send_anonymous_usage_stats': 'True', 'debug': 'False', 'warn_error': 'None', 'introspect': 'True', 'write_json': 'True', 'warn_error_options': 'WarnErrorOptionsV2(error=[], warn=[], silence=[])', 'log_format': 'default', 'printer_width': '80', 'version_check': 'True', 'invocation_command': 'dbt init austin_bikeshare_demo', 'quiet': 'False', 'no_print': 'None', 'log_path': 'logs', 'partial_parse': 'True', 'profiles_dir': '/Users/mudkip/.dbt', 'cache_selected_only': 'False', 'use_experimental_parser': 'False', 'fail_fast': 'False'}
[0m16:50:56.702006 [info ] [MainThread]: Creating dbt configuration folder at /Users/mudkip/.dbt
[0m16:50:56.703282 [debug] [MainThread]: Starter project path: /opt/anaconda3/envs/elt/lib/python3.11/site-packages/dbt/include/starter_project
[0m16:50:56.707708 [info ] [MainThread]: 
Your new dbt project "austin_bikeshare_demo" was created!

For more information on how to configure the profiles.yml file,
please consult the dbt documentation here:

  https://docs.getdbt.com/docs/configure-your-profile

One more thing:

Need help? Don't hesitate to reach out to us via GitHub issues or on Slack:

  https://community.getdbt.com/

Happy modeling!

[0m16:50:56.707971 [info ] [MainThread]: Setting up your profile.
[0m16:51:53.923415 [info ] [MainThread]: Profile austin_bikeshare_demo written to /Users/mudkip/.dbt/profiles.yml using target's profile_template.yml and your supplied values. Run 'dbt debug' to validate the connection.
[0m16:51:53.925115 [debug] [MainThread]: Resource report: {"command_name": "init", "command_success": true, "command_wall_clock_time": 57.27932, "process_in_blocks": "0", "process_kernel_time": 2.444239, "process_mem_max_rss": "400441344", "process_out_blocks": "0", "process_user_time": 4.488657}
[0m16:51:53.925949 [debug] [MainThread]: Command `dbt init` succeeded at 16:51:53.925861 after 57.28 seconds
[0m16:51:53.926300 [debug] [MainThread]: Sending event: {'category': 'dbt', 'action': 'invocation', 'label': 'end', 'context': [<snowplow_tracker.self_describing_json.SelfDescribingJson object at 0x105bd9ad0>, <snowplow_tracker.self_describing_json.SelfDescribingJson object at 0x105c0b1d0>, <snowplow_tracker.self_describing_json.SelfDescribingJson object at 0x101577e90>]}
[0m16:51:53.926636 [debug] [MainThread]: Flushing usage events
[0m16:51:55.126957 [debug] [MainThread]: An error was encountered while trying to flush usage events
